// Jest Snapshot v1, https://goo.gl/fbAQLP

exports[`should render ExpenseDashboardPage 1`] = `
<div>
  <[object Object] />
  <[object Object] />
</div>
`;

exports[`should render ExpenseDashboardPage with all attributes 1`] = `
<div>
  <[object Object] />
  <[object Object] />
</div>
`;
